    Blocking waiting for file lock on artifact directory
   Compiling viboceros-command v0.1.0 (/home/dllu/proj/viboceros/crates/viboceros-command)
    Finished `release` profile [optimized] target(s) in 2m 38s
     Running unittests src/lib.rs (/tmp/viboceros-brep-verification-target/release/deps/viboceros_command-c77d2ba48b827f8e)

running 7 tests
test boolean_split::native::tests::open_curved_inputs_fail_before_any_document_edit ... ok
test boolean_split::native::tests::containment_disjoint_self_and_invalid_inputs_leave_model_unchanged ... ok
test boolean_split::native::tests::postselected_curved_split_uses_unselected_outputs ... ok
test boolean_split::native::tests::internal_cutters_do_not_create_extra_cavity_partitions ... ok
test boolean_split::native::tests::uncut_compound_material_is_excluded_from_replacements ... ok
test boolean_split::native::tests::curved_split_conserves_volume_retains_cutters_and_branch_metadata ... ok
test boolean_split::native::tests::overlapping_cutters_retain_each_interface_and_disconnected_text_lineage ... FAILED

failures:

---- boolean_split::native::tests::overlapping_cutters_retain_each_interface_and_disconnected_text_lineage stdout ----

thread 'boolean_split::native::tests::overlapping_cutters_retain_each_interface_and_disconnected_text_lineage' (125221) panicked at crates/viboceros-command/src/boolean_split/native.rs:415:9:
assertion `left == right` failed
  left: [(0.0, 10.0), (0.0, 10.0), (0.0, 10.0), (0.0, 10.0), (0.0, 10.0)]
 right: [(0.0, 4.0), (4.0, 5.0), (5.0, 6.0), (6.0, 8.0), (8.0, 10.0)]
note: run with `RUST_BACKTRACE=1` environment variable to display a backtrace


failures:
    boolean_split::native::tests::overlapping_cutters_retain_each_interface_and_disconnected_text_lineage

test result: FAILED. 6 passed; 1 failed; 0 ignored; 0 measured; 1278 filtered out; finished in 3.41s

error: test failed, to rerun pass `-p viboceros-command --lib`
