    Blocking waiting for file lock on artifact directory
   Compiling viboceros-io v0.1.0 (/home/dllu/proj/viboceros/crates/viboceros-io)
    Finished `release` profile [optimized] target(s) in 49.76s
     Running unittests src/lib.rs (/tmp/viboceros-brep-verification-target/release/deps/viboceros_io-7f2e9b936c0d8bba)

running 226 tests
test step::export::native::nurbs::tests::common_tiny_nurbs_weights_keep_small_euclidean_controls ... ok
test staged_file::tests::abandoned_partial_write_preserves_destination_and_removes_staging_file ... ok
test step::export::tests::buffered_export_batches_small_writes_and_propagates_flush_failures ... ok
test step::export_geometry::tests::number_buffer_rejects_overflow_without_truncation_or_partial_append ... ok
test step::export::components::tests::partition_matches_independent_reachability_for_every_graph_up_to_five_faces ... ok
test step::native_nurbs::curved_pcurve::tests::discontinuous_component_selection_copies_controls_and_keeps_following_side ... ok
test step::native_nurbs::curved_pcurve::tests::curved_uv_path_on_discontinuous_knot_uses_evaluators_following_span ... ok
test step::native_nurbs::curved_pcurve::tests::curved_uv_bezier_spans_compose_with_polynomial_and_rational_surface_patches ... ok
test step::native_nurbs::curved_pcurve::tests::curved_uv_knot_tangency_and_simultaneous_crossings_compose ... ok
test step::native_nurbs::extrusion::tests::extrusion_curve_images_reject_outside_or_mixed_weight_charts ... ok
test step::native_nurbs::seam_loops::tests::disconnected_seam_choices_are_rejected ... ok
test step::native_nurbs::tests::affine_surface_certificate_rejects_warp_and_unequal_weights ... ok
test step::native_nurbs::curved_pcurve::tests::continuous_qualification_rejects_between_station_edge_excursions ... ok
test step::native_nurbs::seam_loops::tests::cyclic_continuity_selects_seams_independently_of_array_and_loop_start_order ... ok
test step::native_nurbs::tests::conic_extrusion_axial_pcurve_uses_converted_directrix_parameterization ... ok
test step::native_nurbs::tests::planar_pcurve_edge_lifts_rational_controls_without_losing_weights ... ok
test step::native_nurbs::curved_pcurve::tests::curved_rational_uv_path_crosses_surface_knot_at_irrational_parameter ... ok
test step::native_nurbs::tests::elementary_surface_pcurve_edges_preserve_iso_geometry ... ok
test step::export::tests::exported_quad_triangulation_shares_only_its_internal_diagonal ... ok
test step::native_nurbs::tests::revolved_pcurve_edges_preserve_exact_meridians_and_circular_locus ... ok
test step::native_planar::curves::tests::linear_bspline_uv_trims_preserve_domain_direction_and_evaluation ... ok
test step::native_planar::curves::tests::linear_trim_adapter_rejects_curved_and_multispan_bspline_trims ... ok
test step::native_planar::curves::tests::rational_edge_adapter_rejects_invalid_weights_coordinates_and_non_linear_spans ... ok
test step::native_nurbs::curved_pcurve::tests::curved_uv_spans_aligned_with_surface_knots_join_at_original_parameters ... ok
test step::native_planar::curves::tests::rational_edges_preserve_euclidean_controls_weights_and_parameterization ... ok
test step::native_planar::curves::tests::two_point_polylines_preserve_linear_edge_and_trim_evaluation ... ok
test step::native_planar::curves::tests::rational_linear_uv_trims_preserve_weights_and_nonuniform_parameterization ... ok
test step::export::tests::disconnected_panels_partition_and_remap_in_first_face_order ... ok
test step::native_nurbs::tests::curved_extrusion_pcurve_edges_preserve_partial_and_reversed_iso_segments ... ok
test step::native_nurbs::tests::straight_spline_pcurve_qualification_uses_the_callers_actual_tolerance ... ok
test step::native_nurbs::curved_pcurve::tests::curved_uv_path_can_cross_the_same_surface_knot_twice ... ok
test step::tests::both_step_readers_preserve_geometry_with_legacy_header_bytes ... ok
test step::tests::cached_source_is_reused_but_each_instance_is_validated ... ok
test staged_file::tests::failed_commit_preserves_directory_and_cleans_temporary_file ... ok
test step::native_nurbs::tests::unclamped_single_span_surface_diagonal_pcurve_clamps_without_changing_locus ... ok
test step::tests::failed_step_export_does_not_replace_an_existing_file ... ok
test staged_file::tests::successful_commit_replaces_only_the_destination ... ok
test step::tests::exported_plane_directions_remain_unit_length_across_mesh_scales ... ok
test step::export::tests::staged_buffer_flushes_before_commit_and_preserves_destination_on_callback_failure ... ok
test step::tests::exported_mesh_round_trips_as_a_shared_edge_step_shell ... ok
test step::tests::invalid_export_units_preserve_the_destination_and_stream ... ok
test step::export::tests::exported_topology_preserves_raw_seams_and_directed_face_boundaries ... ok
test step::native_nurbs::tests::bilinear_surface_diagonal_pcurves_compose_to_exact_quadratics ... ok
test step::tests::native_planar_instances_honor_oriented_surface_model_shells ... ok
test step::tests::imports_conversion_based_length_units_by_factor_not_name ... ok
test step::tests::imports_an_analytic_step_solid_as_a_validated_mesh ... ok
test step::tests::imports_si_length_units_into_target_coordinates ... ok
test step::tests::native_planar_reader_preserves_face_reversal_in_signed_volume ... ok
test step::tests::imports_planar_step_with_degree_angle_units_without_changing_coordinates ... ok
test step::tests::native_planar_reader_preserves_cube_brep_geometry_without_tessellation ... ok
test step::tests::native_planar_step_retains_small_holes ... ok
test step::tests::instance_plan_resolves_nested_placements_without_loading_shell_geometry ... ok
test step::tests::native_step_imports_analytic_ellipse_arc ... ok
test step::tests::native_planar_reader_preserves_open_triangle_and_rejects_curved_surfaces ... ok
test step::tests::native_planar_unit_reader_rejects_missing_or_invalid_units_and_preserves_unitless_coordinates ... ok
test step::tests::native_planar_instances_preserve_nested_placements_and_shared_source_ids ... ok
test step::tests::native_step_imports_closed_quadratic_outer_with_inner_hole ... ok
test step::native_nurbs::tests::rational_linear_uv_pcurve_preserves_unequal_weight_parameterization ... ok
test step::tests::native_step_imports_analytic_circle_edge_and_uv_trim ... ok
test step::tests::native_planar_instances_keep_solid_void_shells_and_their_sense ... ok
test step::tests::native_step_imports_exact_parabola_and_hyperbola_trims ... ok
test step::tests::native_step_imports_certified_quadratic_hole_on_bspline_face ... ok
test step::tests::native_instance_units_reject_invalid_units_and_preserve_unitless_coordinates ... ok
test step::tests::native_planar_unit_conversion_scales_geometry_but_preserves_uv_trims ... ok
test step::tests::native_step_imports_full_longitude_spherical_band_seam ... ok
test step::tests::native_step_imports_bspline_faces_with_polygon_holes ... ok
test step::tests::native_instance_units_scale_nested_placements_and_preserve_uv_and_metadata ... ok
test step::native_nurbs::tests::curved_surface_pcurve_edges_preserve_partial_and_reversed_iso_segments ... ok
test step::tests::explicit_linear_bspline_step_pcurves_import_without_losing_parameter_intervals ... ok
test step::tests::native_step_imports_three_span_cubic_outer_with_hole ... ok
test step::tests::extrusion_pcurves::serialized_extrusion_curved_pcurve_import_retains_native_surfaces_and_certified_edges ... ok
test step::tests::nested_assembly_composes_noncommuting_transforms_parent_first ... ok
test step::tests::nurbs_brep_step_export_keeps_open_rational_arc_surface ... ok
test step::tests::native_step_imports_periodic_revolved_wall_seams ... ok
test step::native_nurbs::tests::rational_linear_uv_isocurve_crosses_surface_knots_at_source_parameters ... ok
test step::tests::native_step_imports_full_turn_toroidal_strip_seam ... ok
test step::tests::parsed_cube_retains_shared_edges_and_face_local_trim_availability ... ok
test step::tests::nurbs_brep_step_export_retains_curved_surface_and_explicit_pcurves ... ok
test step::tests::nurbs_brep_step_export_roundtrips_periodic_seam ... ok
test step::tests::planar_brep_step_export_does_not_label_disjoint_boxes_as_voids ... ok
test step::tests::planar_brep_step_export_keeps_polygon_hole_and_rejects_curved_edges_atomically ... ok
test step::tests::nurbs_step_export_keeps_pcurves_on_planar_neighbors_in_mixed_shell ... ok
test step::tests::native_step_imports_exact_spherical_bands ... ok
test step::tests::planar_brep_step_export_keeps_cube_faces_edges_and_volume_editable ... ok
test step::tests::nurbs_brep_step_export_keeps_curved_edges_and_surface_shape ... ok
test step::tests::native_step_imports_exact_toroidal_patches ... ok
test step::tests::native_step_imports_exact_line_polyline_conic_bspline_and_nurbs_extrusions ... ok
test step::tests::planar_step_multiple_holes_convert_and_invalid_regions_fail ... ok
test step::tests::planar_brep_step_export_retains_certified_box_cavity_as_one_solid ... ok
test step::tests::native_step_imports_multispan_polyline_and_affine_pcurve_edges_with_holes ... ok
test step::tests::native_step_imports_exact_revolved_polyline_conic_bspline_and_nurbs_faces ... ok
test step::tests::planar_brep_step_export_requires_separated_contained_void_boxes ... ok
test step::tests::pole_trims::reversed_sphere_poles_keep_face_sense_and_oriented_volume ... ok
test step::tests::pole_trims::pole_export_respects_source_units_without_rescaling_uv_geometry ... ok
test step::tests::pole_trims::collapsed_support_with_a_noncollapsed_surface_image_is_rejected ... ok
test step::tests::pole_trims::closed_circle_edges_are_not_imported_as_singular_trims ... ok
test step::tests::rejects_invalid_and_geometry_free_step_data ... ok
test step::native_nurbs::tests::bezier_surface_diagonal_pcurves_compose_to_exact_rational_curves ... ok
test step::tests::relative_tessellation_extent_scales_before_overflow ... ok
test step::tests::pole_trims::cone_apex_has_a_certified_pole_trim_after_step_transfer ... ok
test step::tests::sampled_extent_rejects_nonfinite_coordinates_without_partial_updates ... ok
test step::tests::native_step_imports_analytic_open_revolved_patches ... ok
test step::tests::repeated_assembly_instances_preserve_names_and_transforms ... ok
test step::tests::step_unit_conversion_rejects_collapsed_triangles_before_writing ... ok
test step::tests::native_step_imports_diagonal_pcurve_on_spline_patches ... ok
test step::tests::tessellation_sampling_preserves_finite_extreme_parameter_ranges ... ok
test step::tests::unit_aware_export_accuracy_is_parseable_and_exact_across_finite_scales ... ok
test step::tests::unit_aware_export_scales_validation_and_declared_accuracy ... ok
test step::tests::step_real_format_preserves_finite_binary64_values_and_required_decimal_point ... ok
test step::tests::tessellation_setup_propagates_invalid_shell_samples ... ok
test step::tests::unrepresentable_export_directions_preserve_stream_and_destination ... ok
test step::tests::pole_trims::sphere_pole_trims_round_trip_as_exact_singular_boundaries ... ok
test step::tests::unsupported_data_section_counts_return_errors_in_both_readers ... ok
test step::units::angle::tests::converts_both_spherical_and_toroidal_parameters ... ok
test step::units::angle::tests::converts_diagonal_trims_and_rejects_shared_parameter_points ... ok
test step::units::angle::tests::normalizes_degree_cone_and_its_angular_iso_trim ... ok
test step::tests::unit_aware_step_export_matches_its_millimetre_declaration ... ok
test step::units::angle::tests::converts_polyline_and_bspline_control_points_without_changing_axial_coordinates ... ok
test step::units::angle::tests::rejects_cyclic_extrusion_directrix ... ok
test step::units::tests::angular_surfaces_require_an_assigned_plane_angle_unit ... ok
test step::units::angle::tests::rejects_point_shared_by_one_and_two_angle_axis_surfaces ... ok
test step::units::tests::rejects_ambiguous_unit_components_and_non_length_dimensions ... ok
test step::units::tests::explicit_dimensions_require_exact_finite_length_exponents ... ok
test step::units::tests::resolves_si_prefixes_and_nested_conversion_measures ... ok
test step::units::tests::rejects_invalid_factors_and_missing_geometry_context_units ... ok
test stl::tests::ascii_reader_retains_case_whitespace_and_free_form_name_support ... ok
test step::units::tests::conversion_based_angles_are_accepted_only_without_angular_geometry ... ok
test stl::tests::ascii_round_trip_preserves_geometry ... ok
test stl::tests::binary_export_rejects_coordinates_outside_f32 ... ok
test stl::tests::binary_round_trip_and_solid_header_detection ... ok
test stl::tests::binary_export_rejects_faces_collapsed_by_f32_rounding_before_truncating_a_file ... ok
test stl::tests::ascii_state_machine_rejects_incomplete_extra_and_reordered_records ... ok
test stl::tests::reads_the_ascii_pyramid_fixture ... ok
test stl::tests::rejects_coincident_vertices_in_both_encodings ... ok
test stl::tests::rejects_malformed_ascii_and_binary_lengths ... ok
test stl::tests::small_valid_triangles_survive_both_stl_encodings ... ok
test stl::tests::collapsed_records_reject_stl_before_replacing_existing_file ... ok
test step::tests::rejects_missing_mixed_and_cyclic_step_units ... ok
test stl::tests::thin_noncollinear_triangles_survive_both_stl_encodings ... ok
test step::tests::planar_hole_trims_survive_loading_and_native_conversion ... ok
test step::units::tests::conversion_cycles_and_depth_limits_are_checked_after_valid_dimensions ... ok
test step::tests::instance_plan_order_is_stable_across_parses_with_duplicate_names ... ok
test three_dm::blocks::tests::invalid_graph_export_preserves_existing_destination_and_input_model ... ok
test three_dm::blocks::tests::structural_reader_keeps_native_prototypes_nested_references_and_ordinary_objects ... ok
test three_dm::blocks::tests::structural_unit_conversion_scales_prototypes_and_each_translation_once ... ok
test step::tests::native_step_imports_full_turn_revolved_bspline_seam ... ok
test three_dm::instances::tests::placement_matrix_preserves_noncommuting_order_and_rejects_projective_values ... ok
test three_dm::blocks::tests::hidden_members_and_hidden_locked_roots_roundtrip_without_visibility_normalization ... ok
test three_dm::mesh_ngon::tests::codec_round_trips_and_rejects_truncation_or_trailing_bytes ... ok
test three_dm::point_cloud_data::tests::channel_payload_round_trips_and_rejects_damage ... ok
test three_dm::blocks::tests::invalid_reference_graphs_and_singular_or_projective_placements_fail_structural_reading ... ok
test three_dm::instances::tests::hidden_locked_instances_propagate_to_members_and_bad_graphs_fail_read ... ok
test step::tests::step_unit_conversion_retains_meshes_smaller_than_model_tolerance ... ok
test three_dm::instances::tests::nested_and_repeated_blocks_expand_at_placed_coordinates_with_inherited_attributes ... ok
test three_dm::instances::tests::reflected_blocks_keep_boundary_correspondence_solid_volume_and_stored_cloud_normals ... ok
test three_dm::tests::attribute_and_geometry_user_text_round_trip_independently ... ok
test stl::tests::file_exports_replace_complete_files_and_clean_up_failed_commits ... ok
test three_dm::tests::collapsed_native_mesh_records_round_trip_with_colors_and_ngons ... ok
test three_dm::tests::invalid_custom_units_do_not_replace_an_existing_file ... ok
test three_dm::tests::invalid_tolerance_is_rejected_before_any_destination_access ... ok
test three_dm::blocks::tests::native_structural_writer_roundtrips_the_graph_and_flattened_reader_agrees_on_placements ... ok
test step::tests::regions::sphere_in_torus_hole_is_not_mistaken_for_a_contained_shell ... ok
test step::tests::planar_brep_step_export_certifies_tetrahedron_and_sheared_box ... ok
test three_dm::tests::brep_import_rejects_unrepresentable_matching_tolerance_without_silent_skipping ... ok
test three_dm::tests::imports_rhino_nested_analytic_polycurve_without_fitting ... ok
test step::tests::regions::nonconvex_torus_tube_preserves_a_spherical_cavity ... ok
test three_dm::tests::imports_preserve_geometry_below_the_document_modelling_tolerance ... ok
test three_dm::tests::named_views_round_trip_through_3dm_and_scale_with_units ... ok
test three_dm::tests::named_construction_planes_round_trip_and_scale_without_model_geometry ... ok
test three_dm::tests::exports_small_lines_as_exact_parameterized_nurbs_when_native_lines_are_invalid ... ok
test three_dm::tests::native_polycurve_and_exploded_leaf_types_survive_3dm_round_trip ... ok
test step::tests::regions::nested_material_island_is_a_separate_solid_inside_a_curved_void ... ok
test three_dm::tests::open_nurbs_round_trip_preserves_mesh_ngon_face_groups ... ok
test three_dm::tests::open_nurbs_round_trip_preserves_negative_projective_weights ... ok
test three_dm::tests::reads_official_old_archive_curve_surface_and_group_fixtures ... ok
test three_dm::tests::open_nurbs_round_trip_preserves_geometry_layers_and_groups ... ok
test three_dm::tests::point_cloud_channels_round_trip_through_opennurbs ... ok
test three_dm::tests::rejects_invalid_layer_and_group_references_before_calling_native_code ... ok
test three_dm::tests::reads_official_opennurbs_brep_and_trimmed_surface_fixtures ... ok
test three_dm::tests::reports_non_3dm_input_as_a_native_error ... ok
test three_dm::tests::import_units_scale_coordinates_and_preserve_attributes ... ok
test three_dm::tests::polycurve_round_trip_preserves_segments_domains_and_attributes ... ok
test three_dm_curves::tests::collapsed_composite_breaks_fail_without_overwriting_an_existing_file ... ok
test three_dm::tests::polyline_round_trip_retains_parameters_and_distinguishes_nurbs_geometry ... ok
test step::tests::regions::curved_void_groups_and_oriented_volume_survive_unit_conversion ... ok
test three_dm::tests::import_units_scale_mixed_geometry_without_losing_objects ... ok
test three_dm_curves::tests::a_closed_piece_is_not_embedded_in_an_invalid_multi_segment_polycurve ... ok
test three_dm_curves::tests::connected_blocks_export_as_one_native_polycurve_with_independent_scales ... ok
test three_dm_geometry::tests::legacy_polycurve_payload_remains_readable_and_arc_payload_is_strict ... ok
test three_dm::tests::two_point_camera_locks_survive_named_and_working_view_records ... ok
test three_dm_curves::tests::intervals_with_overflowing_total_width_do_not_create_invalid_polycurves ... ok
test three_dm_geometry::tests::malformed_or_trailing_payload_is_rejected ... ok
test three_dm::tests::model_tolerance_boundary_values_round_trip_without_normalization ... ok
test three_dm::tests::point_import_does_not_require_a_representable_brep_matching_tolerance ... ok
test three_dm_geometry::tests::polycurve_codec_preserves_local_domains_and_rejects_malformed_data ... ok
test three_dm_curves::tests::positional_jumps_expand_to_separate_objects_without_bridging ... ok
test three_dm_curves::tests::closed_seam_edit_with_independent_scales_exports_without_rotating_again ... ok
test three_dm_geometry::tests::versioned_payload_round_trips_exact_solid_topology ... ok
test three_dm_curves::tests::segment_limit_flushes_a_complete_group_without_losing_the_next_piece ... ok
test step::tests::regions::touching_crossing_and_wrong_sense_shells_fail_before_writing ... ok
test three_dm_curves::tests::valid_ordinary_curves_are_borrowed_and_keep_their_representation ... ok
test three_dm::tests::recorded_rhino_arc_planes_and_angles_survive_native_3dm_round_trip ... ok
test three_dm_rational_tests::irreconcilable_products_fail_without_replacing_existing_data ... ok
test three_dm_curves::tests::standalone_pieces_lifted_out_of_a_polycurve_keep_the_outer_domain ... ok
test three_dm_curves::tests::nested_full_order_leaf_splits_retain_outer_parameters_and_other_leaf_types ... ok
test three_dm_rational_tests::exact_subnormal_products_are_allowed_when_no_all_normal_encoding_exists ... ok
test three_dm_rational_tests::free_surface_conversion_preserves_tiny_euclidean_controls ... ok
test three_dm_rational_tests::finite_reciprocals_in_the_lowest_usable_weight_bin_are_not_rejected ... ok
test three_dm_rational_tests::full_order_decomposition_and_binary_scaling_preserve_independent_pieces ... ok
test three_dm_rational_tests::rounding_to_the_smallest_subnormal_is_allowed_only_when_coordinates_recover ... ok
test three_dm_rational_tests::overflowing_products_use_a_common_scale_instead_of_rejecting_valid_geometry ... ok
test step::tests::regions::curved_cavity_shells_keep_one_shape_in_any_component_order ... ok
test three_dm_rational_tests::polycurve_codec_uses_the_same_safe_rational_conversion ... ok
test three_dm_rational_tests::tiny_products_must_not_silently_erase_euclidean_curve_coordinates ... ok
test three_dm_rational_tests::subnormal_weights_must_not_overflow_opennurbs_reciprocal_dehomogenization ... ok
test three_dm_rational_tests::brep::brep_edges_uv_trims_and_signed_surfaces_share_safe_serialization ... ok
test step::native_nurbs::tests::rational_linear_uv_pcurve_crosses_surface_knots_at_source_parameters ... ok
test three_dm_rational_tests::importer_recovers_subnormal_homogeneous_controls_without_forming_a_reciprocal ... ok
test step::native_nurbs::tests::multispan_rational_surface_diagonal_pcurves_cross_both_knot_directions ... ok
test three_dm_rational_tests::binary_scaling_handles_subnormal_endpoints_and_preserves_ordinary_weights ... ok
test three_dm_rational_tests::brep::partitioned_closed_faces_keep_solid_incidence_and_round_trip ... ok
test three_dm_rational_tests::brep::coalesced_rational_brep_edges_and_trims_round_trip_without_new_full_order_knots ... ok
test three_dm::tests::model_length_units_round_trip_without_rescaling_coordinates ... ok
test three_dm::instances::tests::invalid_placements_and_empty_branching_graphs_fail_before_partial_results ... ok
test step::tests::native_step_imports_curved_rational_uv_pcurve_on_spline_surfaces ... ok
test step::native_nurbs::extrusion::tests::curved_and_reversed_rational_paths_on_spline_extrusions_keep_domains_and_loci ... ok

test result: ok. 226 passed; 0 failed; 0 ignored; 0 measured; 0 filtered out; finished in 1.85s

   Doc-tests viboceros_io

running 0 tests

test result: ok. 0 passed; 0 failed; 0 ignored; 0 measured; 0 filtered out; finished in 0.00s

