   Compiling viboceros-geometry v0.1.0 (/home/dllu/proj/viboceros/crates/viboceros-geometry)
    Finished `release` profile [optimized] target(s) in 3m 23s
     Running unittests src/lib.rs (/tmp/viboceros-brep-verification-target/release/deps/viboceros_geometry-e78e4975e15b7a19)

running 4 tests
test integration::tests::rejects_invalid_intervals_and_nonfinite_integrands ... ok
test integration::tests::integrates_polynomials_and_smooth_transcendentals ... ok
test integration::tests::localized_non_dyadic_cusp_uses_a_global_error_budget ... FAILED
test integration::tests::signed_cancellation_keeps_the_global_absolute_tolerance ... FAILED

failures:

---- integration::tests::localized_non_dyadic_cusp_uses_a_global_error_budget stdout ----

thread 'integration::tests::localized_non_dyadic_cusp_uses_a_global_error_budget' (3995750) panicked at crates/viboceros-geometry/src/integration.rs:240:12:
called `Result::unwrap()` on an `Err` value: NumericalIntegrationDidNotConverge

---- integration::tests::signed_cancellation_keeps_the_global_absolute_tolerance stdout ----

thread 'integration::tests::signed_cancellation_keeps_the_global_absolute_tolerance' (3995752) panicked at crates/viboceros-geometry/src/integration.rs:248:9:
-0.000000000009938556921884611
note: run with `RUST_BACKTRACE=1` environment variable to display a backtrace


failures:
    integration::tests::localized_non_dyadic_cusp_uses_a_global_error_budget
    integration::tests::signed_cancellation_keeps_the_global_absolute_tolerance

test result: FAILED. 2 passed; 2 failed; 0 ignored; 0 measured; 2124 filtered out; finished in 0.00s

error: test failed, to rerun pass `-p viboceros-geometry --lib`
